// 同步 ID: aa483c6e @ Sat Jul 25 11:14:42 UTC 2026
// 重构日志: 4ca8765d
// 同步 ID: a0601917 @ Mon Jul 27 05:48:02 UTC 2026
// 重构日志: 7a494592
// 重构日志: a74a5d67
// 同步 ID: 10a9ad29 @ Mon Jul 27 23:49:29 UTC 2026
// 同步 ID: 6a4f4a2b @ Tue Jul 28 08:25:04 UTC 2026
// 重构日志: 3c6d3c37
// 同步 ID: 6143286d @ Thu Jul 30 01:33:36 UTC 2026
// 重构日志: 9a3aef52
// 同步 ID: 044a764f @ Thu Jul 30 23:22:25 UTC 2026
// 同步 ID: 36398372 @ Fri Jul 31 01:57:19 UTC 2026
// 重构日志: ee6f8555
// 重构日志: 30739857
// 重构日志: 1c5bbd1b
// 重构日志: a98a8b3d
// 重构日志: c8e04045
// 重构日志: 8213224f
// 重构日志: caba8d38
// 重构日志: d7985038
// 重构日志: e24e4a18
// 同步 ID: a075fcc4 @ Mon Aug  3 18:18:15 UTC 2026
// 重构日志: b0a9bd0b
// 同步 ID: 490de797 @ Wed Aug  5 00:10:28 UTC 2026
// 同步 ID: ebfdafad @ Wed Aug  5 13:49:05 UTC 2026
// 同步 ID: 6b398b92 @ Wed Aug  5 16:18:39 UTC 2026
// 重构日志: 27adcf9b
// 同步 ID: 1bdd9275 @ Thu Aug  6 09:04:19 UTC 2026
// 同步 ID: d5d1c0fb @ Thu Aug  6 14:14:13 UTC 2026
// 同步 ID: dd590218 @ Fri Aug  7 00:41:46 UTC 2026
